// Jest Snapshot v1, https://goo.gl/fbAQLP

exports[`Nav component matches snapshot DOM node structure 1`] = `
<DocumentFragment>
  <header
    class="flex-row px-1"
  >
    <nav
      class="navbar fixed-bottom navbar-expand-lg navbar-light bg-light"
    >
      <span
        class="navbar-brand px-2"
      >
        <img
          alt="logo"
          class="d-inline-block align-text-top"
          height="24"
          src="./public/assets/images/NY.png"
          width="30"
        />
        <span
          aria-label="web dev"
          class="nav-item"
          role="img"
        >
          ðŸ’»
          <img
            alt="ny-logo"
            src="../../public/NY.png"
          />
          <span>
            Nicolas Young
          </span>
        </span>
      </span>
      <div
        class="container-fluid"
      >
        <ul
          class="navbar-nav"
        >
          <li
            class="nav-item"
          >
            <a
              class="nav-link"
              href="#about"
            >
              About
            </a>
          </li>
          <li
            class="nav-item"
          >
            <a
              class="nav-link"
              href="#projects"
            >
              Projects
            </a>
          </li>
          <li
            class="nav-item"
          >
            <a
              class="nav-link"
              href="#contact"
            >
              Contact
            </a>
          </li>
          <li
            class="nav-item"
          >
            <a
              class="nav-link"
              href="resume"
            >
              Resume
            </a>
          </li>
        </ul>
      </div>
    </nav>
  </header>
</DocumentFragment>
`;
